{
  "label" : "Test1",
  "score" : "0",

}
{
  "label" : "Test2",
  "score" : "51",

}
{
  "label" : "Test3",
  "score" : "100",

}
