{
  "label" : "SINGLEMODEL",
  "score" : "85",
  "model" : {
    "key1" : "val1"
    "key2" : "val2",
    "key3" : "val3"
  }

}
