output/[2016-09-19-12-27-55]-asclines-Test1.log
output/[2016-09-19-12-27-55]-asclines-Test2.log
output/[2016-09-19-12-27-55]-asclines-Test3.log
output/[2016-09-19-12-28-28]-asclines-Test1.log
output/[2016-09-19-12-28-28]-asclines-Test2.log
output/[2016-09-19-12-28-28]-asclines-Test3.log
